// Jest Snapshot v1, https://goo.gl/fbAQLP

exports[`matches the coin category snapshot 1`] = `
Array [
  <div
    className="coin-search"
  >
    <form
      className="search-form"
    >
      <input
        className="coin-input"
        onChange={[Function]}
        placeholder="search coin"
        type="text"
      />
    </form>
    <h3>
      search coin here...
    </h3>
  </div>,
  <div />,
]
`;
